// Jest Snapshot v1, https://goo.gl/fbAQLP

exports[`Game with hooks test cases Render behavior render game field by default 1`] = `[Function]`;
